Document label,aid,verb,verbSpan,verbSense,id,roleHead,roleSpan,type
0,5,"(35,41,taxing)","(35,41,taxing)",tax.01,0,"(15,24,questions)","(0,24,Many confusing questions)",A0
0,5,"(35,41,taxing)","(35,41,taxing)",tax.01,1,"(45,49,mind)","(42,49,my mind)",A2
