Metric,Type,Correct,Incorrect,Missing,Spurious,SameValueDiffSpan,SameSpanDiffValue,SameHeadSameValueDiffSpan,SameValueSameSpanDiffHead,Precision,Recall,F1,Accuracy
proposed,PredicateId,3,0,0,0,0,0,0,0,1.0,1.0,1.0,1.0
proposed,Predicate,3,0,0,0,0,0,0,0,1.0,1.0,1.0,1.0
proposed,ArgumentHead,2,0,0,0,0,1,0,0,0.6666666666666666,0.6666666666666666,0.6666666666666666,0.5
proposed,CoreArgHead,1,0,0,0,0,1,0,0,0.5,0.5,0.5,0.3333333333333333
proposed,ContextArgHead,1,0,0,0,0,0,0,0,1.0,1.0,1.0,1.0
