Document label,id,verb,span,verbSense
0,1,"(28,33,leads)","(28,33,leads)",lead.01
