Document label,aid,verb,verbSpan,verbSense,id,contextHead,contextSpan,type
