index,Metric,Type,Correct,Spurious,Missing,Precision,Recall,F1
0,conll09-head,PredicateId,3,0,0,1.0,1.0,1.0
1,conll09-head,Predicate,0,0,0,1.0,1.0,0.9999999500000026
2,conll09-head,ArgumentHead,0,0,0,0.75,0.75,0.7499999500000033
0,conll05-span,ArgumentSpan,2,1,1,0.6667000000000001,0.6667000000000001,0.6667000000000001
