Document label,aid,verb,verbSpan,verbSense,id,contextHead,contextSpan,type
0,1,"(16,22,bought)","(16,22,bought)",buy.05,0,"(0,9,Yesterday)","(0,9,Yesterday)",AM-TMP
