Document label,id,verb,span,verbSense
0,3,"(25,29,have)","(25,29,have)",have.01
0,4,"(30,34,been)","(30,34,been)",be.03
0,5,"(35,41,taxing)","(35,41,taxing)",tax.01
