Document label,aid,verb,verbSpan,verbSense,id,roleHead,roleSpan,type
0,1,"(16,22,bought)","(16,22,bought)",buy.01,1,"(11,15,John)","(11,15,John)",A0
0,1,"(16,22,bought)","(16,22,bought)",buy.01,2,"(25,28,car)","(23,28,a car)",A1
