index,Metric,Type,Correct,Spurious,Missing,Precision,Recall,F1
0,conll09-head,PredicateId,1,0,0,1.0,1.0,1.0
1,conll09-head,Predicate,0,0,0,1.0,1.0,0.9999999500000026
2,conll09-head,ArgumentHead,0,0,0,0.3333333333333333,0.3333333333333333,0.33333328333334084
0,conll05-span,ArgumentSpan,1,2,2,0.3333,0.3333,0.3333
