Metric,Type,Correct,Incorrect,Missing,Spurious,SameValueDiffSpan,SameSpanDiffValue,SameHeadSameValueDiffSpan,SameValueSameSpanDiffHead,Precision,Recall,F1,Accuracy
proposed,PredicateId,1,0,0,0,0,0,0,0,1.0,1.0,1.0,1.0
proposed,Predicate,1,0,0,0,0,0,0,0,1.0,1.0,1.0,1.0
proposed,ArgumentHead,3,0,0,0,0,0,0,0,1.0,1.0,1.0,1.0
proposed,CoreArgHead,3,0,0,0,0,0,0,0,1.0,1.0,1.0,1.0
proposed,ContextArgHead,0,0,0,0,0,0,0,0,0.0,0.0,0.0,0.0
