Document label,id,verb,span,verbSense
0,1,"(16,22,bought)","(16,22,bought)",sell.01
