sentence_id,pred_spanbegin,pred_spanend,pred_spantext,e_predsense,a_predsense,comparison_label_auto
0,28.0,33.0,leads,lead.01,lead.01,Correct
