index,Metric,Type,Correct,Spurious,Missing,Precision,Recall,F1
0,conll09-head,PredicateId,1,0,0,1.0,1.0,1.0
1,conll09-head,Predicate,0,0,0,0.0,0.0,0.0
2,conll09-head,ArgumentHead,0,0,0,1.0,1.0,0.9999999500000026
0,conll05-span,ArgumentSpan,0,0,3,0.0,0.0,0.0
