Document label,aid,verb,verbSpan,verbSense,id,contextHead,contextSpan,type
0,5,"(35,41,taxing)","(35,41,taxing)",tax.01,2,"(54,59,years)","(50,59,for years)",AM-TMP
