sentence_id,e_pred_spanbegin,e_pred_spanend,e_pred_spantext,a_pred_spanbegin,a_pred_spanend,a_pred_spantext,comparison_label_auto
0,16.0,22.0,bought,16.0,22.0,bought,Correct
